git checkout: permite modificar temporariamente os arquivos do projeto de um dado commit ou branch
o HEAD é o último commit

Rodrigo@DESKTOP-H6RV53V MINGW64 /c/temp/ws-java/src/udemy/aula 127/aulagithub (main)
$ git log --oneline
3c1cca9 (HEAD -> main, origin/main, origin/HEAD) Deletado blog, update index
7767e27 Adicionado arquivo sobre
1edf55d Update blog
46c4db5 Criada página de blog
1d228cf Acrescentando valor das vendas
fc5781e Criadas páginas index e vendas

Rodrigo@DESKTOP-H6RV53V MINGW64 /c/temp/ws-java/src/udemy/aula 127/aulagithub (main)
$ git checkout 7767e27
Note: switching to '7767e27'.

You are in 'detached HEAD' state. You can look around, make experimental
changes and commit them, and you can discard any commits you make in this
state without impacting any branches by switching back to a branch.

If you want to create a new branch to retain commits you create, you may
do so (now or later) by using -c with the switch command. Example:

  git switch -c <new-branch-name>

Or undo this operation with:

  git switch -

Turn off this advice by setting config variable advice.detachedHead to false

HEAD is now at 7767e27 Adicionado arquivo sobre
M       vendas.html

Rodrigo@DESKTOP-H6RV53V MINGW64 /c/temp/ws-java/src/udemy/aula 127/aulagithub ((7767e27...))
$ git status
HEAD detached at 7767e27
Changes not staged for commit:
  (use "git add <file>..." to update what will be committed)
  (use "git restore <file>..." to discard changes in working directory)
        modified:   vendas.html

no changes added to commit (use "git add" and/or "git commit -a")

Rodrigo@DESKTOP-H6RV53V MINGW64 /c/temp/ws-java/src/udemy/aula 127/aulagithub ((7767e27...))
$ git log --one line
fatal: ambiguous argument 'line': unknown revision or path not in the working tree.
Use '--' to separate paths from revisions, like this:
'git <command> [<revision>...] -- [<file>...]'

Rodrigo@DESKTOP-H6RV53V MINGW64 /c/temp/ws-java/src/udemy/aula 127/aulagithub ((7767e27...))
$ git log --oneline
7767e27 (HEAD) Adicionado arquivo sobre
1edf55d Update blog
46c4db5 Criada página de blog
1d228cf Acrescentando valor das vendas
fc5781e Criadas páginas index e vendas

Rodrigo@DESKTOP-H6RV53V MINGW64 /c/temp/ws-java/src/udemy/aula 127/aulagithub ((7767e27...))
$ git reset
Unstaged changes after reset:
M       vendas.html

Rodrigo@DESKTOP-H6RV53V MINGW64 /c/temp/ws-java/src/udemy/aula 127/aulagithub ((7767e27...))
$ git clean -df

Rodrigo@DESKTOP-H6RV53V MINGW64 /c/temp/ws-java/src/udemy/aula 127/aulagithub ((7767e27...))
$ git checkout -- .

Rodrigo@DESKTOP-H6RV53V MINGW64 /c/temp/ws-java/src/udemy/aula 127/aulagithub ((7767e27...))
$ git status
HEAD detached at 7767e27
nothing to commit, working tree clean

Rodrigo@DESKTOP-H6RV53V MINGW64 /c/temp/ws-java/src/udemy/aula 127/aulagithub ((7767e27...))
$ git log
commit 7767e277dd36cf7a69a5b2dffe7deecd980726c2 (HEAD)
Author: Rodrigo <rss.999999999@gmail.com>
Date:   Sat Feb 25 17:11:46 2023 -0300

    Adicionado arquivo sobre

commit 1edf55d8f705e131120c6a80974ecaea96048933
Author: Rodrigo <rss.999999999@gmail.com>
Date:   Sat Feb 25 16:53:57 2023 -0300

    Update blog

commit 46c4db5a3364ecc7cd7709ef1f6848af2b5ef360
Author: Rodrigo <rss.999999999@gmail.com>
Date:   Sat Feb 25 16:49:16 2023 -0300

    Criada página de blog

commit 1d228cf512cada444fb5bed01f7507aa8d9bb80d
Author: Rodrigo <rss.999999999@gmail.com>
Date:   Fri Feb 24 18:47:07 2023 -0300

    Acrescentando valor das vendas

commit fc5781ef3725b726d7d454331ebb4a45e2c6b8e3
Author: Rodrigo <rss.999999999@gmail.com>
Date:   Fri Feb 24 16:38:19 2023 -0300

    Criadas páginas index e vendas

Rodrigo@DESKTOP-H6RV53V MINGW64 /c/temp/ws-java/src/udemy/aula 127/aulagithub ((7767e27...))
$ git checkout main
Previous HEAD position was 7767e27 Adicionado arquivo sobre
Switched to branch 'main'
Your branch is up to date with 'origin/main'.
